::ffff:127.0.0.1 - - [12/Jan/2025:03:42:24 +0000] "GET /api/users/?id=67832d1f649017f23848d025 HTTP/1.1" 200 117 "-" "axios/0.24.0"
::1 - - [12/Jan/2025:03:42:24 +0000] "GET /update-user?id=67832d1f649017f23848d025 HTTP/1.1" 304 - "http://localhost:8080/" "Mozilla/5.0 (Windows NT 10.0; Win64; x64) AppleWebKit/537.36 (KHTML, like Gecko) Chrome/131.0.0.0 Safari/537.36"
::1 - - [12/Jan/2025:03:42:24 +0000] "GET /css/style.css HTTP/1.1" 304 - "http://localhost:8080/update-user?id=67832d1f649017f23848d025" "Mozilla/5.0 (Windows NT 10.0; Win64; x64) AppleWebKit/537.36 (KHTML, like Gecko) Chrome/131.0.0.0 Safari/537.36"
::1 - - [12/Jan/2025:03:42:24 +0000] "GET /js/index.js HTTP/1.1" 304 - "http://localhost:8080/update-user?id=67832d1f649017f23848d025" "Mozilla/5.0 (Windows NT 10.0; Win64; x64) AppleWebKit/537.36 (KHTML, like Gecko) Chrome/131.0.0.0 Safari/537.36"
::ffff:127.0.0.1 - - [12/Jan/2025:04:39:03 +0000] "GET /api/users HTTP/1.1" 200 119 "-" "-"
::ffff:127.0.0.1 - - [12/Jan/2025:04:40:33 +0000] "GET /api/users HTTP/1.1" 200 119 "-" "-"
::ffff:127.0.0.1 - - [12/Jan/2025:04:43:52 +0000] "GET /api/users HTTP/1.1" 200 119 "-" "-"
::ffff:127.0.0.1 - - [12/Jan/2025:04:46:02 +0000] "GET /api/users HTTP/1.1" 200 119 "-" "-"
::ffff:127.0.0.1 - - [12/Jan/2025:04:49:02 +0000] "POST /api/users HTTP/1.1" 500 8155 "-" "-"
::ffff:127.0.0.1 - - [12/Jan/2025:04:49:05 +0000] "GET /api/users HTTP/1.1" 200 119 "-" "-"
::ffff:127.0.0.1 - - [12/Jan/2025:04:50:36 +0000] "GET /api/users HTTP/1.1" 200 119 "-" "axios/0.24.0"
::1 - - [12/Jan/2025:04:50:36 +0000] "GET / HTTP/1.1" 304 - "http://localhost:8080/update-user?id=67832d1f649017f23848d025" "Mozilla/5.0 (Windows NT 10.0; Win64; x64) AppleWebKit/537.36 (KHTML, like Gecko) Chrome/131.0.0.0 Safari/537.36"
::1 - - [12/Jan/2025:04:50:36 +0000] "GET /css/style.css HTTP/1.1" 304 - "http://localhost:8080/" "Mozilla/5.0 (Windows NT 10.0; Win64; x64) AppleWebKit/537.36 (KHTML, like Gecko) Chrome/131.0.0.0 Safari/537.36"
::1 - - [12/Jan/2025:04:50:36 +0000] "GET /js/index.js HTTP/1.1" 304 - "http://localhost:8080/" "Mozilla/5.0 (Windows NT 10.0; Win64; x64) AppleWebKit/537.36 (KHTML, like Gecko) Chrome/131.0.0.0 Safari/537.36"
::ffff:127.0.0.1 - - [12/Jan/2025:04:50:46 +0000] "POST /api/users HTTP/1.1" 500 8155 "-" "-"
::ffff:127.0.0.1 - - [12/Jan/2025:04:50:47 +0000] "GET /api/users HTTP/1.1" 200 119 "-" "-"
::ffff:127.0.0.1 - - [12/Jan/2025:04:52:07 +0000] "POST /api/users HTTP/1.1" 500 8155 "-" "-"
::ffff:127.0.0.1 - - [12/Jan/2025:04:52:09 +0000] "GET /api/users HTTP/1.1" 200 119 "-" "-"
::ffff:127.0.0.1 - - [12/Jan/2025:04:55:31 +0000] "POST /api/users HTTP/1.1" 500 136 "-" "-"
::ffff:127.0.0.1 - - [12/Jan/2025:04:55:33 +0000] "GET /api/users HTTP/1.1" 200 119 "-" "-"
::ffff:127.0.0.1 - - [12/Jan/2025:04:56:31 +0000] "POST /api/users HTTP/1.1" 500 136 "-" "-"
::ffff:127.0.0.1 - - [12/Jan/2025:04:56:33 +0000] "GET /api/users HTTP/1.1" 200 119 "-" "-"
::ffff:127.0.0.1 - - [12/Jan/2025:05:15:19 +0000] "POST /api/users HTTP/1.1" 200 - "-" "-"
::ffff:127.0.0.1 - - [12/Jan/2025:05:15:20 +0000] "GET /api/users HTTP/1.1" 200 119 "-" "-"
::ffff:127.0.0.1 - - [12/Jan/2025:05:16:14 +0000] "POST /api/users HTTP/1.1" 200 - "-" "-"
::ffff:127.0.0.1 - - [12/Jan/2025:05:16:16 +0000] "GET /api/users HTTP/1.1" 200 119 "-" "-"
::ffff:127.0.0.1 - - [12/Jan/2025:05:18:57 +0000] "POST /api/users HTTP/1.1" 200 - "-" "-"
::ffff:127.0.0.1 - - [12/Jan/2025:05:25:02 +0000] "POST /api/users HTTP/1.1" 200 - "-" "-"
::ffff:127.0.0.1 - - [12/Jan/2025:05:26:07 +0000] "POST /api/users HTTP/1.1" 200 41 "-" "-"
::ffff:127.0.0.1 - - [12/Jan/2025:05:27:24 +0000] "GET /api/users HTTP/1.1" 200 209 "-" "axios/0.24.0"
::1 - - [12/Jan/2025:05:27:24 +0000] "GET / HTTP/1.1" 200 3370 "http://localhost:8080/update-user?id=67832d1f649017f23848d025" "Mozilla/5.0 (Windows NT 10.0; Win64; x64) AppleWebKit/537.36 (KHTML, like Gecko) Chrome/131.0.0.0 Safari/537.36"
::1 - - [12/Jan/2025:05:27:24 +0000] "GET /css/style.css HTTP/1.1" 304 - "http://localhost:8080/" "Mozilla/5.0 (Windows NT 10.0; Win64; x64) AppleWebKit/537.36 (KHTML, like Gecko) Chrome/131.0.0.0 Safari/537.36"
::1 - - [12/Jan/2025:05:27:24 +0000] "GET /js/index.js HTTP/1.1" 304 - "http://localhost:8080/" "Mozilla/5.0 (Windows NT 10.0; Win64; x64) AppleWebKit/537.36 (KHTML, like Gecko) Chrome/131.0.0.0 Safari/537.36"
::1 - - [12/Jan/2025:05:27:57 +0000] "DELETE /api/users/678352a2e37fbc1055e73b6a HTTP/1.1" 200 39 "http://localhost:8080/" "Mozilla/5.0 (Windows NT 10.0; Win64; x64) AppleWebKit/537.36 (KHTML, like Gecko) Chrome/131.0.0.0 Safari/537.36"
::ffff:127.0.0.1 - - [12/Jan/2025:05:27:58 +0000] "GET /api/users HTTP/1.1" 200 119 "-" "axios/0.24.0"
::1 - - [12/Jan/2025:05:27:58 +0000] "GET / HTTP/1.1" 200 2950 "http://localhost:8080/" "Mozilla/5.0 (Windows NT 10.0; Win64; x64) AppleWebKit/537.36 (KHTML, like Gecko) Chrome/131.0.0.0 Safari/537.36"
::1 - - [12/Jan/2025:05:27:58 +0000] "GET /css/style.css HTTP/1.1" 304 - "http://localhost:8080/" "Mozilla/5.0 (Windows NT 10.0; Win64; x64) AppleWebKit/537.36 (KHTML, like Gecko) Chrome/131.0.0.0 Safari/537.36"
::1 - - [12/Jan/2025:05:27:58 +0000] "GET /js/index.js HTTP/1.1" 304 - "http://localhost:8080/" "Mozilla/5.0 (Windows NT 10.0; Win64; x64) AppleWebKit/537.36 (KHTML, like Gecko) Chrome/131.0.0.0 Safari/537.36"
::ffff:127.0.0.1 - - [12/Jan/2025:05:28:34 +0000] "GET /api/users HTTP/1.1" 200 209 "-" "axios/0.24.0"
::1 - - [12/Jan/2025:05:28:34 +0000] "GET / HTTP/1.1" 200 3370 "http://localhost:8080/" "Mozilla/5.0 (Windows NT 10.0; Win64; x64) AppleWebKit/537.36 (KHTML, like Gecko) Chrome/131.0.0.0 Safari/537.36"
::1 - - [12/Jan/2025:05:28:34 +0000] "GET /css/style.css HTTP/1.1" 304 - "http://localhost:8080/" "Mozilla/5.0 (Windows NT 10.0; Win64; x64) AppleWebKit/537.36 (KHTML, like Gecko) Chrome/131.0.0.0 Safari/537.36"
::1 - - [12/Jan/2025:05:28:34 +0000] "GET /js/index.js HTTP/1.1" 304 - "http://localhost:8080/" "Mozilla/5.0 (Windows NT 10.0; Win64; x64) AppleWebKit/537.36 (KHTML, like Gecko) Chrome/131.0.0.0 Safari/537.36"
::1 - - [12/Jan/2025:05:28:37 +0000] "DELETE /api/users/678352f64a4d15e8db03c805 HTTP/1.1" 200 39 "http://localhost:8080/" "Mozilla/5.0 (Windows NT 10.0; Win64; x64) AppleWebKit/537.36 (KHTML, like Gecko) Chrome/131.0.0.0 Safari/537.36"
::ffff:127.0.0.1 - - [12/Jan/2025:05:28:38 +0000] "GET /api/users HTTP/1.1" 200 119 "-" "axios/0.24.0"
::1 - - [12/Jan/2025:05:28:38 +0000] "GET / HTTP/1.1" 200 2950 "http://localhost:8080/" "Mozilla/5.0 (Windows NT 10.0; Win64; x64) AppleWebKit/537.36 (KHTML, like Gecko) Chrome/131.0.0.0 Safari/537.36"
::1 - - [12/Jan/2025:05:28:38 +0000] "GET /css/style.css HTTP/1.1" 304 - "http://localhost:8080/" "Mozilla/5.0 (Windows NT 10.0; Win64; x64) AppleWebKit/537.36 (KHTML, like Gecko) Chrome/131.0.0.0 Safari/537.36"
::1 - - [12/Jan/2025:05:28:38 +0000] "GET /js/index.js HTTP/1.1" 304 - "http://localhost:8080/" "Mozilla/5.0 (Windows NT 10.0; Win64; x64) AppleWebKit/537.36 (KHTML, like Gecko) Chrome/131.0.0.0 Safari/537.36"
::ffff:127.0.0.1 - - [12/Jan/2025:05:56:30 +0000] "GET /api/users HTTP/1.1" 200 119 "-" "axios/0.24.0"
::1 - - [12/Jan/2025:05:56:30 +0000] "GET / HTTP/1.1" 304 - "http://localhost:8080/" "Mozilla/5.0 (Windows NT 10.0; Win64; x64) AppleWebKit/537.36 (KHTML, like Gecko) Chrome/131.0.0.0 Safari/537.36"
::1 - - [12/Jan/2025:05:56:30 +0000] "GET /css/style.css HTTP/1.1" 304 - "http://localhost:8080/" "Mozilla/5.0 (Windows NT 10.0; Win64; x64) AppleWebKit/537.36 (KHTML, like Gecko) Chrome/131.0.0.0 Safari/537.36"
::1 - - [12/Jan/2025:05:56:30 +0000] "GET /js/index.js HTTP/1.1" 304 - "http://localhost:8080/" "Mozilla/5.0 (Windows NT 10.0; Win64; x64) AppleWebKit/537.36 (KHTML, like Gecko) Chrome/131.0.0.0 Safari/537.36"
::1 - - [12/Jan/2025:05:56:32 +0000] "GET /add-user HTTP/1.1" 304 - "http://localhost:8080/" "Mozilla/5.0 (Windows NT 10.0; Win64; x64) AppleWebKit/537.36 (KHTML, like Gecko) Chrome/131.0.0.0 Safari/537.36"
::1 - - [12/Jan/2025:05:56:32 +0000] "GET /css/style.css HTTP/1.1" 304 - "http://localhost:8080/add-user" "Mozilla/5.0 (Windows NT 10.0; Win64; x64) AppleWebKit/537.36 (KHTML, like Gecko) Chrome/131.0.0.0 Safari/537.36"
::1 - - [12/Jan/2025:05:56:33 +0000] "GET /js/index.js HTTP/1.1" 304 - "http://localhost:8080/add-user" "Mozilla/5.0 (Windows NT 10.0; Win64; x64) AppleWebKit/537.36 (KHTML, like Gecko) Chrome/131.0.0.0 Safari/537.36"
::1 - - [12/Jan/2025:05:56:47 +0000] "POST /api/users HTTP/1.1" - - "http://localhost:8080/add-user" "Mozilla/5.0 (Windows NT 10.0; Win64; x64) AppleWebKit/537.36 (KHTML, like Gecko) Chrome/131.0.0.0 Safari/537.36"
::1 - - [12/Jan/2025:05:56:47 +0000] "GET /add-user HTTP/1.1" 304 - "http://localhost:8080/add-user" "Mozilla/5.0 (Windows NT 10.0; Win64; x64) AppleWebKit/537.36 (KHTML, like Gecko) Chrome/131.0.0.0 Safari/537.36"
::1 - - [12/Jan/2025:05:56:47 +0000] "GET /js/index.js HTTP/1.1" 304 - "http://localhost:8080/add-user" "Mozilla/5.0 (Windows NT 10.0; Win64; x64) AppleWebKit/537.36 (KHTML, like Gecko) Chrome/131.0.0.0 Safari/537.36"
::1 - - [12/Jan/2025:05:56:47 +0000] "GET /css/style.css HTTP/1.1" 304 - "http://localhost:8080/add-user" "Mozilla/5.0 (Windows NT 10.0; Win64; x64) AppleWebKit/537.36 (KHTML, like Gecko) Chrome/131.0.0.0 Safari/537.36"
::ffff:127.0.0.1 - - [12/Jan/2025:05:56:51 +0000] "GET /api/users HTTP/1.1" 200 210 "-" "axios/0.24.0"
::1 - - [12/Jan/2025:05:56:51 +0000] "GET / HTTP/1.1" 200 3371 "http://localhost:8080/add-user" "Mozilla/5.0 (Windows NT 10.0; Win64; x64) AppleWebKit/537.36 (KHTML, like Gecko) Chrome/131.0.0.0 Safari/537.36"
::1 - - [12/Jan/2025:05:56:51 +0000] "GET /css/style.css HTTP/1.1" 304 - "http://localhost:8080/" "Mozilla/5.0 (Windows NT 10.0; Win64; x64) AppleWebKit/537.36 (KHTML, like Gecko) Chrome/131.0.0.0 Safari/537.36"
::1 - - [12/Jan/2025:05:56:51 +0000] "GET /js/index.js HTTP/1.1" 304 - "http://localhost:8080/" "Mozilla/5.0 (Windows NT 10.0; Win64; x64) AppleWebKit/537.36 (KHTML, like Gecko) Chrome/131.0.0.0 Safari/537.36"
::1 - - [12/Jan/2025:05:56:54 +0000] "DELETE /api/users/6783599ce87687f8780e890e HTTP/1.1" 200 39 "http://localhost:8080/" "Mozilla/5.0 (Windows NT 10.0; Win64; x64) AppleWebKit/537.36 (KHTML, like Gecko) Chrome/131.0.0.0 Safari/537.36"
::ffff:127.0.0.1 - - [12/Jan/2025:05:56:55 +0000] "GET /api/users HTTP/1.1" 200 119 "-" "axios/0.24.0"
::1 - - [12/Jan/2025:05:56:55 +0000] "GET / HTTP/1.1" 200 2950 "http://localhost:8080/" "Mozilla/5.0 (Windows NT 10.0; Win64; x64) AppleWebKit/537.36 (KHTML, like Gecko) Chrome/131.0.0.0 Safari/537.36"
::1 - - [12/Jan/2025:05:56:55 +0000] "GET /css/style.css HTTP/1.1" 304 - "http://localhost:8080/" "Mozilla/5.0 (Windows NT 10.0; Win64; x64) AppleWebKit/537.36 (KHTML, like Gecko) Chrome/131.0.0.0 Safari/537.36"
::1 - - [12/Jan/2025:05:56:55 +0000] "GET /js/index.js HTTP/1.1" 304 - "http://localhost:8080/" "Mozilla/5.0 (Windows NT 10.0; Win64; x64) AppleWebKit/537.36 (KHTML, like Gecko) Chrome/131.0.0.0 Safari/537.36"
::ffff:127.0.0.1 - - [12/Jan/2025:05:59:15 +0000] "GET /api/users HTTP/1.1" 200 209 "-" "axios/0.24.0"
::1 - - [12/Jan/2025:05:59:15 +0000] "GET / HTTP/1.1" 200 3370 "http://localhost:8080/" "Mozilla/5.0 (Windows NT 10.0; Win64; x64) AppleWebKit/537.36 (KHTML, like Gecko) Chrome/131.0.0.0 Safari/537.36"
::1 - - [12/Jan/2025:05:59:15 +0000] "GET /css/style.css HTTP/1.1" 304 - "http://localhost:8080/" "Mozilla/5.0 (Windows NT 10.0; Win64; x64) AppleWebKit/537.36 (KHTML, like Gecko) Chrome/131.0.0.0 Safari/537.36"
::1 - - [12/Jan/2025:05:59:15 +0000] "GET /js/index.js HTTP/1.1" 304 - "http://localhost:8080/" "Mozilla/5.0 (Windows NT 10.0; Win64; x64) AppleWebKit/537.36 (KHTML, like Gecko) Chrome/131.0.0.0 Safari/537.36"
::ffff:127.0.0.1 - - [12/Jan/2025:06:05:46 +0000] "POST /api/users HTTP/1.1" 200 48 "-" "-"
::ffff:127.0.0.1 - - [12/Jan/2025:06:06:12 +0000] "GET /api/users HTTP/1.1" 200 209 "-" "axios/0.24.0"
::1 - - [12/Jan/2025:06:06:12 +0000] "GET / HTTP/1.1" 304 - "http://localhost:8080/" "Mozilla/5.0 (Windows NT 10.0; Win64; x64) AppleWebKit/537.36 (KHTML, like Gecko) Chrome/131.0.0.0 Safari/537.36"
::1 - - [12/Jan/2025:06:06:12 +0000] "GET /css/style.css HTTP/1.1" 304 - "http://localhost:8080/" "Mozilla/5.0 (Windows NT 10.0; Win64; x64) AppleWebKit/537.36 (KHTML, like Gecko) Chrome/131.0.0.0 Safari/537.36"
::1 - - [12/Jan/2025:06:06:12 +0000] "GET /js/index.js HTTP/1.1" 304 - "http://localhost:8080/" "Mozilla/5.0 (Windows NT 10.0; Win64; x64) AppleWebKit/537.36 (KHTML, like Gecko) Chrome/131.0.0.0 Safari/537.36"
::1 - - [12/Jan/2025:06:06:15 +0000] "DELETE /api/users/678359c035eb2dc4d4e336ea HTTP/1.1" 200 39 "http://localhost:8080/" "Mozilla/5.0 (Windows NT 10.0; Win64; x64) AppleWebKit/537.36 (KHTML, like Gecko) Chrome/131.0.0.0 Safari/537.36"
::ffff:127.0.0.1 - - [12/Jan/2025:06:06:16 +0000] "GET /api/users HTTP/1.1" 200 119 "-" "axios/0.24.0"
::1 - - [12/Jan/2025:06:06:16 +0000] "GET / HTTP/1.1" 200 2950 "http://localhost:8080/" "Mozilla/5.0 (Windows NT 10.0; Win64; x64) AppleWebKit/537.36 (KHTML, like Gecko) Chrome/131.0.0.0 Safari/537.36"
::1 - - [12/Jan/2025:06:06:16 +0000] "GET /css/style.css HTTP/1.1" 304 - "http://localhost:8080/" "Mozilla/5.0 (Windows NT 10.0; Win64; x64) AppleWebKit/537.36 (KHTML, like Gecko) Chrome/131.0.0.0 Safari/537.36"
::1 - - [12/Jan/2025:06:06:16 +0000] "GET /js/index.js HTTP/1.1" 304 - "http://localhost:8080/" "Mozilla/5.0 (Windows NT 10.0; Win64; x64) AppleWebKit/537.36 (KHTML, like Gecko) Chrome/131.0.0.0 Safari/537.36"
::ffff:127.0.0.1 - - [12/Jan/2025:06:08:23 +0000] "GET /api/users HTTP/1.1" 200 209 "-" "axios/0.24.0"
::1 - - [12/Jan/2025:06:08:23 +0000] "GET / HTTP/1.1" 200 3370 "http://localhost:8080/" "Mozilla/5.0 (Windows NT 10.0; Win64; x64) AppleWebKit/537.36 (KHTML, like Gecko) Chrome/131.0.0.0 Safari/537.36"
::1 - - [12/Jan/2025:06:08:23 +0000] "GET /css/style.css HTTP/1.1" 304 - "http://localhost:8080/" "Mozilla/5.0 (Windows NT 10.0; Win64; x64) AppleWebKit/537.36 (KHTML, like Gecko) Chrome/131.0.0.0 Safari/537.36"
::1 - - [12/Jan/2025:06:08:23 +0000] "GET /js/index.js HTTP/1.1" 304 - "http://localhost:8080/" "Mozilla/5.0 (Windows NT 10.0; Win64; x64) AppleWebKit/537.36 (KHTML, like Gecko) Chrome/131.0.0.0 Safari/537.36"
::1 - - [12/Jan/2025:06:09:00 +0000] "DELETE /api/users/67835c37dc5515be1e082183 HTTP/1.1" 200 39 "http://localhost:8080/" "Mozilla/5.0 (Windows NT 10.0; Win64; x64) AppleWebKit/537.36 (KHTML, like Gecko) Chrome/131.0.0.0 Safari/537.36"
::ffff:127.0.0.1 - - [12/Jan/2025:06:09:01 +0000] "GET /api/users HTTP/1.1" 200 119 "-" "axios/0.24.0"
::1 - - [12/Jan/2025:06:09:01 +0000] "GET / HTTP/1.1" 200 2950 "http://localhost:8080/" "Mozilla/5.0 (Windows NT 10.0; Win64; x64) AppleWebKit/537.36 (KHTML, like Gecko) Chrome/131.0.0.0 Safari/537.36"
::1 - - [12/Jan/2025:06:09:01 +0000] "GET /css/style.css HTTP/1.1" 304 - "http://localhost:8080/" "Mozilla/5.0 (Windows NT 10.0; Win64; x64) AppleWebKit/537.36 (KHTML, like Gecko) Chrome/131.0.0.0 Safari/537.36"
::1 - - [12/Jan/2025:06:09:01 +0000] "GET /js/index.js HTTP/1.1" 304 - "http://localhost:8080/" "Mozilla/5.0 (Windows NT 10.0; Win64; x64) AppleWebKit/537.36 (KHTML, like Gecko) Chrome/131.0.0.0 Safari/537.36"
::ffff:127.0.0.1 - - [12/Jan/2025:06:09:55 +0000] "POST /api/users HTTP/1.1" 200 89 "-" "-"
::ffff:127.0.0.1 - - [12/Jan/2025:06:16:55 +0000] "GET /api/users HTTP/1.1" 200 209 "-" "-"
::ffff:127.0.0.1 - - [12/Jan/2025:06:17:47 +0000] "DELETE /api/users/67835cb13917710689f4863a HTTP/1.1" 200 39 "-" "-"
::ffff:127.0.0.1 - - [12/Jan/2025:06:17:47 +0000] "GET /api/users HTTP/1.1" 200 119 "-" "-"
::ffff:127.0.0.1 - - [12/Jan/2025:06:19:15 +0000] "POST /api/users HTTP/1.1" 200 48 "-" "-"
::ffff:127.0.0.1 - - [12/Jan/2025:06:19:16 +0000] "GET /api/users HTTP/1.1" 200 209 "-" "-"
::ffff:127.0.0.1 - - [12/Jan/2025:06:19:45 +0000] "GET /api/users HTTP/1.1" 200 209 "-" "axios/0.24.0"
::1 - - [12/Jan/2025:06:19:45 +0000] "GET / HTTP/1.1" 200 3370 "http://localhost:8080/" "Mozilla/5.0 (Windows NT 10.0; Win64; x64) AppleWebKit/537.36 (KHTML, like Gecko) Chrome/131.0.0.0 Safari/537.36"
::1 - - [12/Jan/2025:06:19:45 +0000] "GET /css/style.css HTTP/1.1" 304 - "http://localhost:8080/" "Mozilla/5.0 (Windows NT 10.0; Win64; x64) AppleWebKit/537.36 (KHTML, like Gecko) Chrome/131.0.0.0 Safari/537.36"
::1 - - [12/Jan/2025:06:19:45 +0000] "GET /js/index.js HTTP/1.1" 304 - "http://localhost:8080/" "Mozilla/5.0 (Windows NT 10.0; Win64; x64) AppleWebKit/537.36 (KHTML, like Gecko) Chrome/131.0.0.0 Safari/537.36"
::1 - - [12/Jan/2025:06:19:47 +0000] "DELETE /api/users/67835ee206031955ec146019 HTTP/1.1" 200 39 "http://localhost:8080/" "Mozilla/5.0 (Windows NT 10.0; Win64; x64) AppleWebKit/537.36 (KHTML, like Gecko) Chrome/131.0.0.0 Safari/537.36"
::ffff:127.0.0.1 - - [12/Jan/2025:06:19:49 +0000] "GET /api/users HTTP/1.1" 200 119 "-" "axios/0.24.0"
::1 - - [12/Jan/2025:06:19:49 +0000] "GET / HTTP/1.1" 200 2950 "http://localhost:8080/" "Mozilla/5.0 (Windows NT 10.0; Win64; x64) AppleWebKit/537.36 (KHTML, like Gecko) Chrome/131.0.0.0 Safari/537.36"
::1 - - [12/Jan/2025:06:19:49 +0000] "GET /css/style.css HTTP/1.1" 304 - "http://localhost:8080/" "Mozilla/5.0 (Windows NT 10.0; Win64; x64) AppleWebKit/537.36 (KHTML, like Gecko) Chrome/131.0.0.0 Safari/537.36"
::1 - - [12/Jan/2025:06:19:49 +0000] "GET /js/index.js HTTP/1.1" 304 - "http://localhost:8080/" "Mozilla/5.0 (Windows NT 10.0; Win64; x64) AppleWebKit/537.36 (KHTML, like Gecko) Chrome/131.0.0.0 Safari/537.36"
::ffff:127.0.0.1 - - [12/Jan/2025:06:20:47 +0000] "POST /api/users HTTP/1.1" 200 89 "-" "-"
::ffff:127.0.0.1 - - [12/Jan/2025:06:20:48 +0000] "GET /api/users HTTP/1.1" 200 209 "-" "-"
::ffff:127.0.0.1 - - [12/Jan/2025:06:23:34 +0000] "PUT /api/users/67835f3e16fb5d419703901f HTTP/1.1" 200 39 "-" "-"
::ffff:127.0.0.1 - - [12/Jan/2025:06:23:35 +0000] "GET /api/users HTTP/1.1" 200 209 "-" "-"
::ffff:127.0.0.1 - - [12/Jan/2025:06:30:25 +0000] "GET /api/users/ HTTP/1.1" 200 209 "-" "-"
::ffff:127.0.0.1 - - [12/Jan/2025:06:31:14 +0000] "GET /api/users/67835f3e16fb5d419703901f HTTP/1.1" 404 173 "-" "-"
::ffff:127.0.0.1 - - [12/Jan/2025:06:33:06 +0000] "GET /api/users/ HTTP/1.1" 200 209 "-" "-"
::ffff:127.0.0.1 - - [12/Jan/2025:06:35:08 +0000] "GET /api/users/67835f3e16fb5d419703901f HTTP/1.1" 404 173 "-" "-"
::ffff:127.0.0.1 - - [12/Jan/2025:06:37:27 +0000] "GET /api/users/67835f3e16fb5d419703901f HTTP/1.1" 404 173 "-" "-"
::ffff:127.0.0.1 - - [12/Jan/2025:06:38:00 +0000] "GET /api/users/67835f3e16fb5d419703901f HTTP/1.1" 404 173 "-" "-"
::ffff:127.0.0.1 - - [12/Jan/2025:06:39:35 +0000] "GET /api/users/id=67835f3e16fb5d419703901f HTTP/1.1" 404 176 "-" "-"
::ffff:127.0.0.1 - - [12/Jan/2025:06:40:37 +0000] "GET /api/users/id=67835f3e16fb5d419703901f HTTP/1.1" 404 176 "-" "-"
::ffff:127.0.0.1 - - [12/Jan/2025:06:41:12 +0000] "GET /api/users/id?=67835f3e16fb5d419703901f HTTP/1.1" 404 151 "-" "-"
::ffff:127.0.0.1 - - [12/Jan/2025:06:42:43 +0000] "GET /api/users/id?=67835f3e16fb5d419703901f HTTP/1.1" 404 151 "-" "-"
::ffff:127.0.0.1 - - [12/Jan/2025:06:43:22 +0000] "GET /api/users/67835f3e16fb5d419703901f HTTP/1.1" 404 173 "-" "-"
::ffff:127.0.0.1 - - [12/Jan/2025:06:46:00 +0000] "GET /api/users/?id=67832d1f649017f23848d025 HTTP/1.1" 200 - "-" "axios/0.24.0"
::1 - - [12/Jan/2025:06:46:00 +0000] "GET /update-user?id=67832d1f649017f23848d025 HTTP/1.1" 200 3188 "http://localhost:8080/" "Mozilla/5.0 (Windows NT 10.0; Win64; x64) AppleWebKit/537.36 (KHTML, like Gecko) Chrome/131.0.0.0 Safari/537.36"
::1 - - [12/Jan/2025:06:46:00 +0000] "GET /css/style.css HTTP/1.1" 304 - "http://localhost:8080/update-user?id=67832d1f649017f23848d025" "Mozilla/5.0 (Windows NT 10.0; Win64; x64) AppleWebKit/537.36 (KHTML, like Gecko) Chrome/131.0.0.0 Safari/537.36"
::1 - - [12/Jan/2025:06:46:00 +0000] "GET /js/index.js HTTP/1.1" 304 - "http://localhost:8080/update-user?id=67832d1f649017f23848d025" "Mozilla/5.0 (Windows NT 10.0; Win64; x64) AppleWebKit/537.36 (KHTML, like Gecko) Chrome/131.0.0.0 Safari/537.36"
::ffff:127.0.0.1 - - [12/Jan/2025:06:47:26 +0000] "GET /api/users/?id=67832d1f649017f23848d025 HTTP/1.1" 200 - "-" "axios/0.24.0"
::1 - - [12/Jan/2025:06:47:26 +0000] "GET /update-user?id=67832d1f649017f23848d025 HTTP/1.1" 304 - "http://localhost:8080/" "Mozilla/5.0 (Windows NT 10.0; Win64; x64) AppleWebKit/537.36 (KHTML, like Gecko) Chrome/131.0.0.0 Safari/537.36"
::1 - - [12/Jan/2025:06:47:26 +0000] "GET /css/style.css HTTP/1.1" 304 - "http://localhost:8080/update-user?id=67832d1f649017f23848d025" "Mozilla/5.0 (Windows NT 10.0; Win64; x64) AppleWebKit/537.36 (KHTML, like Gecko) Chrome/131.0.0.0 Safari/537.36"
::1 - - [12/Jan/2025:06:47:26 +0000] "GET /js/index.js HTTP/1.1" 304 - "http://localhost:8080/update-user?id=67832d1f649017f23848d025" "Mozilla/5.0 (Windows NT 10.0; Win64; x64) AppleWebKit/537.36 (KHTML, like Gecko) Chrome/131.0.0.0 Safari/537.36"
::ffff:127.0.0.1 - - [12/Jan/2025:06:49:24 +0000] "GET /api/users/67835f3e16fb5d419703901f HTTP/1.1" 200 - "-" "-"
::ffff:127.0.0.1 - - [12/Jan/2025:06:50:12 +0000] "GET /api/users/?id=67832d1f649017f23848d025 HTTP/1.1" 200 - "-" "axios/0.24.0"
::1 - - [12/Jan/2025:06:50:12 +0000] "GET /update-user?id=67832d1f649017f23848d025 HTTP/1.1" 304 - "http://localhost:8080/" "Mozilla/5.0 (Windows NT 10.0; Win64; x64) AppleWebKit/537.36 (KHTML, like Gecko) Chrome/131.0.0.0 Safari/537.36"
::1 - - [12/Jan/2025:06:50:12 +0000] "GET /css/style.css HTTP/1.1" 304 - "http://localhost:8080/update-user?id=67832d1f649017f23848d025" "Mozilla/5.0 (Windows NT 10.0; Win64; x64) AppleWebKit/537.36 (KHTML, like Gecko) Chrome/131.0.0.0 Safari/537.36"
::1 - - [12/Jan/2025:06:50:12 +0000] "GET /js/index.js HTTP/1.1" 304 - "http://localhost:8080/update-user?id=67832d1f649017f23848d025" "Mozilla/5.0 (Windows NT 10.0; Win64; x64) AppleWebKit/537.36 (KHTML, like Gecko) Chrome/131.0.0.0 Safari/537.36"
::ffff:127.0.0.1 - - [12/Jan/2025:06:51:09 +0000] "GET /api/users?id=67835f3e16fb5d419703901f HTTP/1.1" 200 - "-" "-"
::ffff:127.0.0.1 - - [12/Jan/2025:06:52:00 +0000] "GET /api/users?id=67835f3e16fb5d419703901f HTTP/1.1" 200 - "-" "-"
::ffff:127.0.0.1 - - [12/Jan/2025:06:52:20 +0000] "GET /api/users HTTP/1.1" 200 - "-" "axios/0.24.0"
::1 - - [12/Jan/2025:06:52:20 +0000] "GET / HTTP/1.1" 500 2661 "http://localhost:8080/update-user?id=67832d1f649017f23848d025" "Mozilla/5.0 (Windows NT 10.0; Win64; x64) AppleWebKit/537.36 (KHTML, like Gecko) Chrome/131.0.0.0 Safari/537.36"
::ffff:127.0.0.1 - - [12/Jan/2025:06:52:27 +0000] "GET /api/users HTTP/1.1" 200 - "-" "axios/0.24.0"
::1 - - [12/Jan/2025:06:52:27 +0000] "GET / HTTP/1.1" 500 2661 "http://localhost:8080/update-user?id=67832d1f649017f23848d025" "Mozilla/5.0 (Windows NT 10.0; Win64; x64) AppleWebKit/537.36 (KHTML, like Gecko) Chrome/131.0.0.0 Safari/537.36"
::ffff:127.0.0.1 - - [12/Jan/2025:06:53:22 +0000] "GET /api/users?id=67835f3e16fb5d419703901f HTTP/1.1" 200 - "-" "-"
::ffff:127.0.0.1 - - [12/Jan/2025:06:53:35 +0000] "GET /api/users HTTP/1.1" 200 - "-" "axios/0.24.0"
::1 - - [12/Jan/2025:06:53:35 +0000] "GET / HTTP/1.1" 500 2661 "http://localhost:8080/update-user?id=67832d1f649017f23848d025" "Mozilla/5.0 (Windows NT 10.0; Win64; x64) AppleWebKit/537.36 (KHTML, like Gecko) Chrome/131.0.0.0 Safari/537.36"
::ffff:127.0.0.1 - - [12/Jan/2025:06:54:10 +0000] "GET /api/users HTTP/1.1" 200 209 "-" "axios/0.24.0"
::1 - - [12/Jan/2025:06:54:10 +0000] "GET / HTTP/1.1" 200 3370 "http://localhost:8080/update-user?id=67832d1f649017f23848d025" "Mozilla/5.0 (Windows NT 10.0; Win64; x64) AppleWebKit/537.36 (KHTML, like Gecko) Chrome/131.0.0.0 Safari/537.36"
::1 - - [12/Jan/2025:06:54:10 +0000] "GET /css/style.css HTTP/1.1" 304 - "http://localhost:8080/" "Mozilla/5.0 (Windows NT 10.0; Win64; x64) AppleWebKit/537.36 (KHTML, like Gecko) Chrome/131.0.0.0 Safari/537.36"
::1 - - [12/Jan/2025:06:54:10 +0000] "GET /js/index.js HTTP/1.1" 304 - "http://localhost:8080/" "Mozilla/5.0 (Windows NT 10.0; Win64; x64) AppleWebKit/537.36 (KHTML, like Gecko) Chrome/131.0.0.0 Safari/537.36"
::ffff:127.0.0.1 - - [12/Jan/2025:06:54:32 +0000] "GET /api/users?id=67835f3e16fb5d419703901f HTTP/1.1" 200 89 "-" "-"
::ffff:127.0.0.1 - - [12/Jan/2025:06:55:19 +0000] "GET /api/users?id=67832d1f649017f23848d025 HTTP/1.1" 200 117 "-" "-"
::ffff:127.0.0.1 - - [12/Jan/2025:06:55:54 +0000] "GET /api/users?id=67832d1f649017f23848d025 HTTP/1.1" 200 117 "-" "-"
::ffff:127.0.0.1 - - [12/Jan/2025:06:58:12 +0000] "POST /api/users HTTP/1.1" 200 89 "-" "-"
::ffff:127.0.0.1 - - [12/Jan/2025:06:58:12 +0000] "GET /api/users HTTP/1.1" 200 299 "-" "-"
::ffff:127.0.0.1 - - [12/Jan/2025:07:00:40 +0000] "DELETE /api/users/678368021cc45e03d4840619 HTTP/1.1" 200 39 "-" "-"
::ffff:127.0.0.1 - - [12/Jan/2025:07:00:40 +0000] "GET /api/users HTTP/1.1" 200 209 "-" "-"
::ffff:127.0.0.1 - - [12/Jan/2025:07:01:04 +0000] "POST /api/users HTTP/1.1" 200 89 "-" "-"
::ffff:127.0.0.1 - - [12/Jan/2025:07:01:04 +0000] "GET /api/users HTTP/1.1" 200 299 "-" "-"
::ffff:127.0.0.1 - - [12/Jan/2025:07:01:20 +0000] "GET /api/users HTTP/1.1" 200 299 "-" "axios/0.24.0"
::1 - - [12/Jan/2025:07:01:20 +0000] "GET / HTTP/1.1" 200 3790 "http://localhost:8080/update-user?id=67832d1f649017f23848d025" "Mozilla/5.0 (Windows NT 10.0; Win64; x64) AppleWebKit/537.36 (KHTML, like Gecko) Chrome/131.0.0.0 Safari/537.36"
::1 - - [12/Jan/2025:07:01:20 +0000] "GET /css/style.css HTTP/1.1" 304 - "http://localhost:8080/" "Mozilla/5.0 (Windows NT 10.0; Win64; x64) AppleWebKit/537.36 (KHTML, like Gecko) Chrome/131.0.0.0 Safari/537.36"
::1 - - [12/Jan/2025:07:01:20 +0000] "GET /js/index.js HTTP/1.1" 304 - "http://localhost:8080/" "Mozilla/5.0 (Windows NT 10.0; Win64; x64) AppleWebKit/537.36 (KHTML, like Gecko) Chrome/131.0.0.0 Safari/537.36"
::1 - - [12/Jan/2025:07:01:23 +0000] "DELETE /api/users/678368ae5c91520288e350e1 HTTP/1.1" 200 39 "http://localhost:8080/" "Mozilla/5.0 (Windows NT 10.0; Win64; x64) AppleWebKit/537.36 (KHTML, like Gecko) Chrome/131.0.0.0 Safari/537.36"
::ffff:127.0.0.1 - - [12/Jan/2025:07:01:24 +0000] "GET /api/users HTTP/1.1" 200 209 "-" "axios/0.24.0"
::1 - - [12/Jan/2025:07:01:24 +0000] "GET / HTTP/1.1" 200 3370 "http://localhost:8080/" "Mozilla/5.0 (Windows NT 10.0; Win64; x64) AppleWebKit/537.36 (KHTML, like Gecko) Chrome/131.0.0.0 Safari/537.36"
::1 - - [12/Jan/2025:07:01:24 +0000] "GET /css/style.css HTTP/1.1" 304 - "http://localhost:8080/" "Mozilla/5.0 (Windows NT 10.0; Win64; x64) AppleWebKit/537.36 (KHTML, like Gecko) Chrome/131.0.0.0 Safari/537.36"
::1 - - [12/Jan/2025:07:01:24 +0000] "GET /js/index.js HTTP/1.1" 304 - "http://localhost:8080/" "Mozilla/5.0 (Windows NT 10.0; Win64; x64) AppleWebKit/537.36 (KHTML, like Gecko) Chrome/131.0.0.0 Safari/537.36"
::1 - - [12/Jan/2025:07:01:25 +0000] "GET /add-user HTTP/1.1" 304 - "http://localhost:8080/" "Mozilla/5.0 (Windows NT 10.0; Win64; x64) AppleWebKit/537.36 (KHTML, like Gecko) Chrome/131.0.0.0 Safari/537.36"
::1 - - [12/Jan/2025:07:01:25 +0000] "GET /css/style.css HTTP/1.1" 304 - "http://localhost:8080/add-user" "Mozilla/5.0 (Windows NT 10.0; Win64; x64) AppleWebKit/537.36 (KHTML, like Gecko) Chrome/131.0.0.0 Safari/537.36"
::1 - - [12/Jan/2025:07:01:25 +0000] "GET /js/index.js HTTP/1.1" 304 - "http://localhost:8080/add-user" "Mozilla/5.0 (Windows NT 10.0; Win64; x64) AppleWebKit/537.36 (KHTML, like Gecko) Chrome/131.0.0.0 Safari/537.36"
::1 - - [12/Jan/2025:07:01:34 +0000] "POST /api/users HTTP/1.1" 200 41 "http://localhost:8080/add-user" "Mozilla/5.0 (Windows NT 10.0; Win64; x64) AppleWebKit/537.36 (KHTML, like Gecko) Chrome/131.0.0.0 Safari/537.36"
::1 - - [12/Jan/2025:07:01:42 +0000] "GET /add-user HTTP/1.1" 304 - "http://localhost:8080/add-user" "Mozilla/5.0 (Windows NT 10.0; Win64; x64) AppleWebKit/537.36 (KHTML, like Gecko) Chrome/131.0.0.0 Safari/537.36"
::1 - - [12/Jan/2025:07:01:42 +0000] "GET /css/style.css HTTP/1.1" 304 - "http://localhost:8080/add-user" "Mozilla/5.0 (Windows NT 10.0; Win64; x64) AppleWebKit/537.36 (KHTML, like Gecko) Chrome/131.0.0.0 Safari/537.36"
::1 - - [12/Jan/2025:07:01:42 +0000] "GET /js/index.js HTTP/1.1" 304 - "http://localhost:8080/add-user" "Mozilla/5.0 (Windows NT 10.0; Win64; x64) AppleWebKit/537.36 (KHTML, like Gecko) Chrome/131.0.0.0 Safari/537.36"
::1 - - [12/Jan/2025:07:01:50 +0000] "POST /api/users HTTP/1.1" 200 89 "http://localhost:8080/add-user" "Mozilla/5.0 (Windows NT 10.0; Win64; x64) AppleWebKit/537.36 (KHTML, like Gecko) Chrome/131.0.0.0 Safari/537.36"
::ffff:127.0.0.1 - - [12/Jan/2025:07:04:52 +0000] "POST /api/users HTTP/1.1" 200 41 "-" "-"
::ffff:127.0.0.1 - - [12/Jan/2025:07:04:54 +0000] "GET /api/users HTTP/1.1" 200 299 "-" "-"
::ffff:127.0.0.1 - - [12/Jan/2025:07:06:46 +0000] "GET /api/users HTTP/1.1" 200 299 "-" "axios/0.24.0"
::1 - - [12/Jan/2025:07:06:46 +0000] "GET / HTTP/1.1" 200 3790 "-" "Mozilla/5.0 (Windows NT 10.0; Win64; x64) AppleWebKit/537.36 (KHTML, like Gecko) Chrome/131.0.0.0 Safari/537.36"
::1 - - [12/Jan/2025:07:06:46 +0000] "GET /css/style.css HTTP/1.1" 304 - "http://localhost:8080/" "Mozilla/5.0 (Windows NT 10.0; Win64; x64) AppleWebKit/537.36 (KHTML, like Gecko) Chrome/131.0.0.0 Safari/537.36"
::1 - - [12/Jan/2025:07:06:46 +0000] "GET /js/index.js HTTP/1.1" 304 - "http://localhost:8080/" "Mozilla/5.0 (Windows NT 10.0; Win64; x64) AppleWebKit/537.36 (KHTML, like Gecko) Chrome/131.0.0.0 Safari/537.36"
::1 - - [12/Jan/2025:07:06:49 +0000] "DELETE /api/users/67835f3e16fb5d419703901f HTTP/1.1" 200 39 "http://localhost:8080/" "Mozilla/5.0 (Windows NT 10.0; Win64; x64) AppleWebKit/537.36 (KHTML, like Gecko) Chrome/131.0.0.0 Safari/537.36"
::ffff:127.0.0.1 - - [12/Jan/2025:07:06:51 +0000] "GET /api/users HTTP/1.1" 200 209 "-" "axios/0.24.0"
::1 - - [12/Jan/2025:07:06:51 +0000] "GET / HTTP/1.1" 200 3370 "http://localhost:8080/" "Mozilla/5.0 (Windows NT 10.0; Win64; x64) AppleWebKit/537.36 (KHTML, like Gecko) Chrome/131.0.0.0 Safari/537.36"
::1 - - [12/Jan/2025:07:06:51 +0000] "GET /css/style.css HTTP/1.1" 304 - "http://localhost:8080/" "Mozilla/5.0 (Windows NT 10.0; Win64; x64) AppleWebKit/537.36 (KHTML, like Gecko) Chrome/131.0.0.0 Safari/537.36"
::1 - - [12/Jan/2025:07:06:51 +0000] "GET /js/index.js HTTP/1.1" 304 - "http://localhost:8080/" "Mozilla/5.0 (Windows NT 10.0; Win64; x64) AppleWebKit/537.36 (KHTML, like Gecko) Chrome/131.0.0.0 Safari/537.36"
::1 - - [12/Jan/2025:07:06:53 +0000] "DELETE /api/users/678368dddfd1e5a510bf1436 HTTP/1.1" 200 39 "http://localhost:8080/" "Mozilla/5.0 (Windows NT 10.0; Win64; x64) AppleWebKit/537.36 (KHTML, like Gecko) Chrome/131.0.0.0 Safari/537.36"
::ffff:127.0.0.1 - - [12/Jan/2025:07:06:53 +0000] "GET /api/users HTTP/1.1" 200 119 "-" "axios/0.24.0"
::1 - - [12/Jan/2025:07:06:53 +0000] "GET / HTTP/1.1" 200 2950 "http://localhost:8080/" "Mozilla/5.0 (Windows NT 10.0; Win64; x64) AppleWebKit/537.36 (KHTML, like Gecko) Chrome/131.0.0.0 Safari/537.36"
::1 - - [12/Jan/2025:07:06:53 +0000] "GET /css/style.css HTTP/1.1" 304 - "http://localhost:8080/" "Mozilla/5.0 (Windows NT 10.0; Win64; x64) AppleWebKit/537.36 (KHTML, like Gecko) Chrome/131.0.0.0 Safari/537.36"
::1 - - [12/Jan/2025:07:06:53 +0000] "GET /js/index.js HTTP/1.1" 304 - "http://localhost:8080/" "Mozilla/5.0 (Windows NT 10.0; Win64; x64) AppleWebKit/537.36 (KHTML, like Gecko) Chrome/131.0.0.0 Safari/537.36"
::1 - - [12/Jan/2025:07:06:55 +0000] "GET /add-user HTTP/1.1" 304 - "http://localhost:8080/" "Mozilla/5.0 (Windows NT 10.0; Win64; x64) AppleWebKit/537.36 (KHTML, like Gecko) Chrome/131.0.0.0 Safari/537.36"
::1 - - [12/Jan/2025:07:06:55 +0000] "GET /css/style.css HTTP/1.1" 304 - "http://localhost:8080/add-user" "Mozilla/5.0 (Windows NT 10.0; Win64; x64) AppleWebKit/537.36 (KHTML, like Gecko) Chrome/131.0.0.0 Safari/537.36"
::1 - - [12/Jan/2025:07:06:55 +0000] "GET /js/index.js HTTP/1.1" 304 - "http://localhost:8080/add-user" "Mozilla/5.0 (Windows NT 10.0; Win64; x64) AppleWebKit/537.36 (KHTML, like Gecko) Chrome/131.0.0.0 Safari/537.36"
::1 - - [12/Jan/2025:07:06:59 +0000] "POST /api/users HTTP/1.1" 200 41 "http://localhost:8080/add-user" "Mozilla/5.0 (Windows NT 10.0; Win64; x64) AppleWebKit/537.36 (KHTML, like Gecko) Chrome/131.0.0.0 Safari/537.36"
::ffff:127.0.0.1 - - [12/Jan/2025:07:07:43 +0000] "GET /api/users HTTP/1.1" 200 119 "-" "axios/0.24.0"
::1 - - [12/Jan/2025:07:07:43 +0000] "GET / HTTP/1.1" 304 - "-" "Mozilla/5.0 (Windows NT 10.0; Win64; x64) AppleWebKit/537.36 (KHTML, like Gecko) Chrome/131.0.0.0 Safari/537.36"
::1 - - [12/Jan/2025:07:07:43 +0000] "GET /css/style.css HTTP/1.1" 304 - "http://localhost:8080/" "Mozilla/5.0 (Windows NT 10.0; Win64; x64) AppleWebKit/537.36 (KHTML, like Gecko) Chrome/131.0.0.0 Safari/537.36"
::1 - - [12/Jan/2025:07:07:43 +0000] "GET /js/index.js HTTP/1.1" 304 - "http://localhost:8080/" "Mozilla/5.0 (Windows NT 10.0; Win64; x64) AppleWebKit/537.36 (KHTML, like Gecko) Chrome/131.0.0.0 Safari/537.36"
::ffff:127.0.0.1 - - [12/Jan/2025:07:07:52 +0000] "POST /api/users HTTP/1.1" 200 41 "-" "-"
::ffff:127.0.0.1 - - [12/Jan/2025:07:07:54 +0000] "GET /api/users HTTP/1.1" 200 119 "-" "-"
::1 - - [12/Jan/2025:07:19:00 +0000] "GET /api/users?id=67832d1f649017f23848d025 HTTP/1.1" 200 117 "-" "PostmanRuntime/7.29.2"
::1 - - [12/Jan/2025:07:19:13 +0000] "GET /api/users HTTP/1.1" 200 119 "-" "PostmanRuntime/7.29.2"
::1 - - [12/Jan/2025:07:19:17 +0000] "GET /api/users HTTP/1.1" 200 119 "-" "PostmanRuntime/7.29.2"
::1 - - [12/Jan/2025:07:19:28 +0000] "GET /api/users HTTP/1.1" 200 119 "-" "PostmanRuntime/7.29.2"
::ffff:127.0.0.1 - - [12/Jan/2025:07:19:36 +0000] "GET /api/users HTTP/1.1" 200 119 "-" "axios/0.24.0"
::1 - - [12/Jan/2025:07:19:36 +0000] "GET / HTTP/1.1" 304 - "-" "Mozilla/5.0 (Windows NT 10.0; Win64; x64) AppleWebKit/537.36 (KHTML, like Gecko) Chrome/131.0.0.0 Safari/537.36"
::1 - - [12/Jan/2025:07:19:36 +0000] "GET /js/index.js HTTP/1.1" 304 - "http://localhost:8080/" "Mozilla/5.0 (Windows NT 10.0; Win64; x64) AppleWebKit/537.36 (KHTML, like Gecko) Chrome/131.0.0.0 Safari/537.36"
::1 - - [12/Jan/2025:07:19:36 +0000] "GET /css/style.css HTTP/1.1" 304 - "http://localhost:8080/" "Mozilla/5.0 (Windows NT 10.0; Win64; x64) AppleWebKit/537.36 (KHTML, like Gecko) Chrome/131.0.0.0 Safari/537.36"
::1 - - [12/Jan/2025:07:21:27 +0000] "POST /api/users?name=%20%22tes2%22,&email=%20%22tes5@gmail.com%22,&umur=%201 HTTP/1.1" 500 1822 "-" "PostmanRuntime/7.29.2"
::1 - - [12/Jan/2025:07:22:49 +0000] "POST /api/users HTTP/1.1" 500 1822 "-" "PostmanRuntime/7.29.2"
::ffff:127.0.0.1 - - [12/Jan/2025:07:22:55 +0000] "GET /api/users HTTP/1.1" 200 119 "-" "axios/0.24.0"
::1 - - [12/Jan/2025:07:22:55 +0000] "GET / HTTP/1.1" 304 - "-" "Mozilla/5.0 (Windows NT 10.0; Win64; x64) AppleWebKit/537.36 (KHTML, like Gecko) Chrome/131.0.0.0 Safari/537.36"
::1 - - [12/Jan/2025:07:22:55 +0000] "GET /css/style.css HTTP/1.1" 304 - "http://localhost:8080/" "Mozilla/5.0 (Windows NT 10.0; Win64; x64) AppleWebKit/537.36 (KHTML, like Gecko) Chrome/131.0.0.0 Safari/537.36"
::1 - - [12/Jan/2025:07:22:55 +0000] "GET /js/index.js HTTP/1.1" 304 - "http://localhost:8080/" "Mozilla/5.0 (Windows NT 10.0; Win64; x64) AppleWebKit/537.36 (KHTML, like Gecko) Chrome/131.0.0.0 Safari/537.36"
::1 - - [12/Jan/2025:07:23:41 +0000] "POST /api/users HTTP/1.1" 500 1822 "-" "PostmanRuntime/7.29.2"
::1 - - [12/Jan/2025:07:25:35 +0000] "POST /api/users HTTP/1.1" 200 41 "-" "PostmanRuntime/7.29.2"
::1 - - [12/Jan/2025:07:25:44 +0000] "POST /api/users HTTP/1.1" 200 89 "-" "PostmanRuntime/7.29.2"
::1 - - [12/Jan/2025:07:25:52 +0000] "GET /api/users HTTP/1.1" 200 209 "-" "PostmanRuntime/7.29.2"
::1 - - [12/Jan/2025:07:27:04 +0000] "PUT /api/users/67836e76c0712c9f2979617d HTTP/1.1" 200 39 "-" "PostmanRuntime/7.29.2"
::1 - - [12/Jan/2025:07:27:25 +0000] "GET /api/users HTTP/1.1" 200 209 "-" "PostmanRuntime/7.29.2"
::1 - - [12/Jan/2025:07:27:33 +0000] "PUT /api/users/67836e76c0712c9f2979617d HTTP/1.1" 200 39 "-" "PostmanRuntime/7.29.2"
::1 - - [12/Jan/2025:07:27:38 +0000] "GET /api/users HTTP/1.1" 200 209 "-" "PostmanRuntime/7.29.2"
::1 - - [12/Jan/2025:07:27:56 +0000] "DELETE /api/users/67836e76c0712c9f2979617d HTTP/1.1" 200 39 "-" "PostmanRuntime/7.29.2"
::1 - - [12/Jan/2025:07:27:59 +0000] "GET /api/users HTTP/1.1" 200 119 "-" "PostmanRuntime/7.29.2"
::1 - - [12/Jan/2025:07:28:35 +0000] "POST /api/users HTTP/1.1" 200 89 "-" "PostmanRuntime/7.29.2"
::1 - - [12/Jan/2025:07:28:42 +0000] "GET /api/users HTTP/1.1" 200 209 "-" "PostmanRuntime/7.29.2"
::1 - - [12/Jan/2025:07:28:52 +0000] "GET /api/users/?id=67836f23c0712c9f29796189 HTTP/1.1" 200 89 "-" "PostmanRuntime/7.29.2"
::1 - - [12/Jan/2025:07:32:24 +0000] "PUT /api/users/67836e76c0712c9f2979617d HTTP/1.1" 200 41 "-" "PostmanRuntime/7.29.2"
::1 - - [12/Jan/2025:07:32:52 +0000] "PUT /api/users/67836e76c0712c9f2979617d HTTP/1.1" 200 48 "-" "PostmanRuntime/7.29.2"
::1 - - [12/Jan/2025:07:34:22 +0000] "PUT /api/users/67836e76c0712c9f2979617d HTTP/1.1" 200 48 "-" "PostmanRuntime/7.29.2"
::1 - - [12/Jan/2025:07:35:43 +0000] "PUT /api/users/67836e76c0712c9f2979617d HTTP/1.1" 200 48 "-" "PostmanRuntime/7.29.2"
::1 - - [12/Jan/2025:07:37:47 +0000] "PUT /api/users/67836e76c0712c9f2979617d HTTP/1.1" 200 48 "-" "PostmanRuntime/7.29.2"
::1 - - [12/Jan/2025:07:41:03 +0000] "PUT /api/users/67836e76c0712c9f2979617d HTTP/1.1" 200 85 "-" "PostmanRuntime/7.29.2"
::1 - - [12/Jan/2025:07:41:16 +0000] "GET /api/users HTTP/1.1" 200 209 "-" "PostmanRuntime/7.29.2"
::1 - - [12/Jan/2025:07:41:27 +0000] "PUT /api/users/67836f23c0712c9f29796189 HTTP/1.1" 500 189 "-" "PostmanRuntime/7.29.2"
::1 - - [12/Jan/2025:07:42:24 +0000] "PUT /api/users/67836f23c0712c9f29796189 HTTP/1.1" 500 189 "-" "PostmanRuntime/7.29.2"
::1 - - [12/Jan/2025:07:42:33 +0000] "PUT /api/users/67836f23c0712c9f29796189 HTTP/1.1" 200 41 "-" "PostmanRuntime/7.29.2"
::1 - - [12/Jan/2025:07:43:15 +0000] "POST /api/users HTTP/1.1" 500 132 "-" "PostmanRuntime/7.29.2"
::1 - - [12/Jan/2025:07:43:39 +0000] "GET /api/users HTTP/1.1" 200 209 "-" "PostmanRuntime/7.29.2"
::1 - - [12/Jan/2025:07:43:52 +0000] "PUT /api/users/67836f23c0712c9f29796189 HTTP/1.1" 200 41 "-" "PostmanRuntime/7.29.2"
::1 - - [12/Jan/2025:07:43:56 +0000] "PUT /api/users/67836f23c0712c9f29796189 HTTP/1.1" 200 39 "-" "PostmanRuntime/7.29.2"
::1 - - [12/Jan/2025:07:43:59 +0000] "GET /api/users HTTP/1.1" 200 210 "-" "PostmanRuntime/7.29.2"
::1 - - [12/Jan/2025:08:04:53 +0000] "GET /api/users HTTP/1.1" 200 210 "-" "PostmanRuntime/7.29.2"
::1 - - [12/Jan/2025:08:04:54 +0000] "GET /api/users HTTP/1.1" 200 210 "-" "PostmanRuntime/7.29.2"
::1 - - [12/Jan/2025:08:05:03 +0000] "PUT /api/users/67836f23c0712c9f29796189 HTTP/1.1" 200 39 "-" "PostmanRuntime/7.29.2"
::1 - - [12/Jan/2025:08:05:08 +0000] "GET /api/users HTTP/1.1" 200 210 "-" "PostmanRuntime/7.29.2"
